// Jest Snapshot v1, https://goo.gl/fbAQLP

exports[`Admins List Page Should match its snapshot 1`] = `
<div>
  <HelmetWrapper
    defer={true}
    encodeSpecialCharacters={true}
  >
    <title>
       React SRR - Admins 
    </title>
    <meta
      content="React SSR - Home"
      name="og:title"
    />
  </HelmetWrapper>
  <h1>
     Protected Admins List
  </h1>
  <ul />
</div>
`;
